
> frontend@0.0.0 build
> ng build

[33mÔØ»[39m Building...
[32mÔ£ö[39m Building...
Application bundle generation failed. [1.593 seconds] - 2026-03-13T18:13:30.729Z

node.exe : 
[1m[31m[31mX [41;31
m[[41;97mERROR[41;31m
][0m [1mTS2339: 
Property 'descripcion' 
does not exist on type 
'Local'.[0m 
[1m[35m[plugin 
angular-compiler][0m
En línea: 1 Carácter: 1
+ & "C:\Program 
Files\nodejs/node.exe" 
"C:\Program 
Files\nodejs/node_mo 
...
+ ~~~~~~~~~~~~~~~~~~~~~
~~~~~~~~~~~~~~~~~~~~~~~
~~~~~~~~~~~~~~~~~~~~~~~
~~
    + CategoryInfo     
         : NotSpecifi  
  ed: ([1m[31m[31   
 mX...r-compiler][    
0m:String) [], Rem    
oteException
    + FullyQualifiedEr 
   rorId : NativeComm  
  andError
 

    src/app/features/lo
cales/local-detail.comp
onent.ts:153:21:
[37m      153 Ôöé     
          {{ loc.[32md
escripcion[37m || 
'Ubicados en el 
coraz├│n de l...
          ÔòÁ          
            
[32m~~~~~~~~~~~[0m


[31mX [41;31m[[41;97
mERROR[41;31m][0m 
[1mTS1127: Invalid 
character.[0m 
[1m[35m[plugin 
angular-compiler][0m

    src/app/features/mo
torizado/motorizado.com
ponent.ts:347:16:
[37m      347 Ôöé     
const url = [32m[37m\
`https://www.google.com
/maps/search/?api=1&que
ry...
          ÔòÁ          
       [32m^[0m


[31mX [41;31m[[41;97
mERROR[41;31m][0m 
[1mTS1134: Variable 
declaration 
expected.[0m 
[1m[35m[plugin 
angular-compiler][0m

    src/app/features/mo
torizado/motorizado.com
ponent.ts:347:17:
[37m      347 Ôöé 
...st url = \[32m`http
s://www.google.com/maps
/search/?api=1&query=\$
{[37m...
          ÔòÁ          
    [32m~~~~~~~~~~~~~~
~~~~~~~~~~~~~~~~~~~~~~~
~~~~~~~~~~~~~~~[0m


[31mX [41;31m[[41;97
mERROR[41;31m][0m 
[1mTS1005: '}' 
expected.[0m 
[1m[35m[plugin 
angular-compiler][0m

    src/app/features/mo
torizado/motorizado.com
ponent.ts:355:0:
[37m      355 Ôöé 
[32m[37m
          ÔòÁ 
[32m^[0m

  The parser expected 
to find a '}' to match 
the '{' token here.

    src/app/features/mo
torizado/motorizado.com
ponent.ts:346:50:
[37m      346 Ôöé   
abrirMapa(coords: { 
lat: number; lng: 
number }) [32m{[37m
          ÔòÁ          
                       
                  
[32m^[0m


[31mX [41;31m[[41;97
mERROR[41;31m][0m 
[1mTS1160: 
Unterminated template 
literal.[0m 
[1m[35m[plugin 
angular-compiler][0m

    src/app/features/mo
torizado/motorizado.com
ponent.ts:355:0:
[37m      355 Ôöé 
[32m[37m
          ÔòÁ 
[32m^[0m


[31mX [41;31m[[41;97
mERROR[41;31m][0m 
[1mNG5002: Unexpected 
closing tag "div". It 
may happen when the 
tag has already been 
closed by another tag. 
For more info see https
://www.w3.org/TR/html5/
syntax.html#closing-ele
ments-that-have-implied
-end-tags[0m 
[1m[35m[plugin 
angular-compiler][0m

    src/app/features/mo
torizado/seguimiento-mo
torizado.component.ts:1
34:4:
[37m      134 Ôöé     
[32m</div>[37m
          ÔòÁ     
[32m~~~~~~[0m


[31mX [41;31m[[41;97
mERROR[41;31m][0m 
[1mTS1127: Invalid 
character.[0m 
[1m[35m[plugin 
angular-compiler][0m

    src/app/features/mo
torizado/seguimiento-mo
torizado.component.ts:1
69:16:
[37m      169 Ôöé     
const url = [32m[37m\
`https://www.google.com
/maps/search/?api=1&que
ry...
          ÔòÁ          
       [32m^[0m


[31mX [41;31m[[41;97
mERROR[41;31m][0m 
[1mTS1134: Variable 
declaration 
expected.[0m 
[1m[35m[plugin 
angular-compiler][0m

    src/app/features/mo
torizado/seguimiento-mo
torizado.component.ts:1
69:17:
[37m      169 Ôöé 
...st url = \[32m`http
s://www.google.com/maps
/search/?api=1&query=\$
{[37m...
          ÔòÁ          
    [32m~~~~~~~~~~~~~~
~~~~~~~~~~~~~~~~~~~~~~~
~~~~~~~~~~~~~~~[0m


[31mX [41;31m[[41;97
mERROR[41;31m][0m 
[1mTS1005: '}' 
expected.[0m 
[1m[35m[plugin 
angular-compiler][0m

    src/app/features/mo
torizado/seguimiento-mo
torizado.component.ts:1
91:0:
[37m      191 Ôöé 
[32m[37m
          ÔòÁ 
[32m^[0m

  The parser expected 
to find a '}' to match 
the '{' token here.

    src/app/features/mo
torizado/seguimiento-mo
torizado.component.ts:1
68:50:
[37m      168 Ôöé   
abrirMapa(coords: { 
lat: number; lng: 
number }) [32m{[37m
          ÔòÁ          
                       
                  
[32m^[0m


[31mX [41;31m[[41;97
mERROR[41;31m][0m 
[1mTS1160: 
Unterminated template 
literal.[0m 
[1m[35m[plugin 
angular-compiler][0m

    src/app/features/mo
torizado/seguimiento-mo
torizado.component.ts:1
91:0:
[37m      191 Ôöé 
[32m[37m
          ÔòÁ 
[32m^[0m


[31mX [41;31m[[41;97
mERROR[41;31m][0m 
[1mUnexpected ";"[0m

    src/app/features/mo
torizado/motorizado.com
ponent.ts:351:20:
[37m      351 Ôöé     
    const url = 
[32m;[37m
          ÔòÁ          
           [32m^[0m


[31mX [41;31m[[41;97
mERROR[41;31m][0m 
[1mUnexpected ";"[0m

    src/app/features/mo
torizado/seguimiento-mo
torizado.component.ts:1
70:20:
[37m      170 Ôöé     
    const url = 
[32m;[37m
          ÔòÁ          
           [32m^[0m

[39m[22m
